// Jest Snapshot v1, https://goo.gl/fbAQLP

exports[`<CapSlider /> renders correctly 1`] = `
<div>
  <div
    className="ant-slider cap-slider"
    onBlur={[Function]}
    onFocus={[Function]}
    onKeyDown={[Function]}
    onMouseDown={[Function]}
    onMouseUp={[Function]}
    onTouchStart={[Function]}
  >
    <div
      className="ant-slider-rail"
      style={Object {}}
    />
    <div
      className="ant-slider-track"
      style={
        Object {
          "left": "0%",
          "width": "0%",
        }
      }
    />
    <div
      className="ant-slider-step"
    />
    <div
      aria-disabled={false}
      aria-valuemax={100}
      aria-valuemin={0}
      aria-valuenow={0}
      className="ant-slider-handle"
      onBlur={[Function]}
      onKeyDown={[Function]}
      onMouseEnter={[Function]}
      onMouseLeave={[Function]}
      role="slider"
      style={
        Object {
          "left": "0%",
        }
      }
      tabIndex={0}
    />
    <div
      className="ant-slider-mark"
    />
  </div>
</div>
`;
